// Jest Snapshot v1, https://goo.gl/fbAQLP

exports[`Badge test Should render a Badge and check snapshot 1`] = `
<span
  className="Badge-badge-1 undefined"
/>
`;
