// Jest Snapshot v1, https://goo.gl/fbAQLP

exports[`CardFooter test Should render a cardFooter and check snapshot 1`] = `
<div
  className="CardFooter-cardFooter-1"
/>
`;
