// Jest Snapshot v1, https://goo.gl/fbAQLP

exports[`CardIcon test Should render a cardIcon and check snapshot 1`] = `
<div
  className="CardIcon-cardIcon-1"
/>
`;
