// Jest Snapshot v1, https://goo.gl/fbAQLP

exports[`CardBody test Should render a CardBody and check snapshot 1`] = `
<div
  className="CardBody-cardBody-1"
/>
`;
