// Jest Snapshot v1, https://goo.gl/fbAQLP

exports[`CardHeader test Should render a cardHeader and check snapshot 1`] = `
<div
  className="CardHeader-cardHeader-1"
/>
`;
