// Jest Snapshot v1, https://goo.gl/fbAQLP

exports[`GridItem test Should render a GridItem and check snapshot 1`] = `
<div
  className="MuiGrid-item-3 GridItem-grid-1 undefined"
/>
`;
